Archive member included to satisfy reference by file (symbol)

C:/heixang.huang/RM_IDE/arm-gnu-toolchain-13.3.rel1-mingw-w64-i686-arm-none-eabi/bin/../lib/gcc/arm-none-eabi/13.3.1/thumb/v7e-m+fp/hard\libc_nano.a(libc_a-exit.o)
                              C:/heixang.huang/RM_IDE/arm-gnu-toolchain-13.3.rel1-mingw-w64-i686-arm-none-eabi/bin/../lib/gcc/arm-none-eabi/13.3.1/thumb/v7e-m+fp/hard/crt0.o (exit)
C:/heixang.huang/RM_IDE/arm-gnu-toolchain-13.3.rel1-mingw-w64-i686-arm-none-eabi/bin/../lib/gcc/arm-none-eabi/13.3.1/thumb/v7e-m+fp/hard\libc_nano.a(libc_a-findfp.o)
                              C:/heixang.huang/RM_IDE/arm-gnu-toolchain-13.3.rel1-mingw-w64-i686-arm-none-eabi/bin/../lib/gcc/arm-none-eabi/13.3.1/thumb/v7e-m+fp/hard\libc_nano.a(libc_a-exit.o) (__stdio_exit_handler)
C:/heixang.huang/RM_IDE/arm-gnu-toolchain-13.3.rel1-mingw-w64-i686-arm-none-eabi/bin/../lib/gcc/arm-none-eabi/13.3.1/thumb/v7e-m+fp/hard\libc_nano.a(libc_a-fwalk.o)
                              C:/heixang.huang/RM_IDE/arm-gnu-toolchain-13.3.rel1-mingw-w64-i686-arm-none-eabi/bin/../lib/gcc/arm-none-eabi/13.3.1/thumb/v7e-m+fp/hard\libc_nano.a(libc_a-findfp.o) (_fwalk_sglue)
C:/heixang.huang/RM_IDE/arm-gnu-toolchain-13.3.rel1-mingw-w64-i686-arm-none-eabi/bin/../lib/gcc/arm-none-eabi/13.3.1/thumb/v7e-m+fp/hard\libc_nano.a(libc_a-stdio.o)
                              C:/heixang.huang/RM_IDE/arm-gnu-toolchain-13.3.rel1-mingw-w64-i686-arm-none-eabi/bin/../lib/gcc/arm-none-eabi/13.3.1/thumb/v7e-m+fp/hard\libc_nano.a(libc_a-findfp.o) (__sread)
C:/heixang.huang/RM_IDE/arm-gnu-toolchain-13.3.rel1-mingw-w64-i686-arm-none-eabi/bin/../lib/gcc/arm-none-eabi/13.3.1/thumb/v7e-m+fp/hard\libc_nano.a(libc_a-memset.o)
                              C:/heixang.huang/RM_IDE/arm-gnu-toolchain-13.3.rel1-mingw-w64-i686-arm-none-eabi/bin/../lib/gcc/arm-none-eabi/13.3.1/thumb/v7e-m+fp/hard/crt0.o (memset)
C:/heixang.huang/RM_IDE/arm-gnu-toolchain-13.3.rel1-mingw-w64-i686-arm-none-eabi/bin/../lib/gcc/arm-none-eabi/13.3.1/thumb/v7e-m+fp/hard\libc_nano.a(libc_a-closer.o)
                              C:/heixang.huang/RM_IDE/arm-gnu-toolchain-13.3.rel1-mingw-w64-i686-arm-none-eabi/bin/../lib/gcc/arm-none-eabi/13.3.1/thumb/v7e-m+fp/hard\libc_nano.a(libc_a-stdio.o) (_close_r)
C:/heixang.huang/RM_IDE/arm-gnu-toolchain-13.3.rel1-mingw-w64-i686-arm-none-eabi/bin/../lib/gcc/arm-none-eabi/13.3.1/thumb/v7e-m+fp/hard\libc_nano.a(libc_a-reent.o)
                              C:/heixang.huang/RM_IDE/arm-gnu-toolchain-13.3.rel1-mingw-w64-i686-arm-none-eabi/bin/../lib/gcc/arm-none-eabi/13.3.1/thumb/v7e-m+fp/hard\libc_nano.a(libc_a-closer.o) (errno)
C:/heixang.huang/RM_IDE/arm-gnu-toolchain-13.3.rel1-mingw-w64-i686-arm-none-eabi/bin/../lib/gcc/arm-none-eabi/13.3.1/thumb/v7e-m+fp/hard\libc_nano.a(libc_a-impure.o)
                              C:/heixang.huang/RM_IDE/arm-gnu-toolchain-13.3.rel1-mingw-w64-i686-arm-none-eabi/bin/../lib/gcc/arm-none-eabi/13.3.1/thumb/v7e-m+fp/hard\libc_nano.a(libc_a-reent.o) (_impure_ptr)
C:/heixang.huang/RM_IDE/arm-gnu-toolchain-13.3.rel1-mingw-w64-i686-arm-none-eabi/bin/../lib/gcc/arm-none-eabi/13.3.1/thumb/v7e-m+fp/hard\libc_nano.a(libc_a-lseekr.o)
                              C:/heixang.huang/RM_IDE/arm-gnu-toolchain-13.3.rel1-mingw-w64-i686-arm-none-eabi/bin/../lib/gcc/arm-none-eabi/13.3.1/thumb/v7e-m+fp/hard\libc_nano.a(libc_a-stdio.o) (_lseek_r)
C:/heixang.huang/RM_IDE/arm-gnu-toolchain-13.3.rel1-mingw-w64-i686-arm-none-eabi/bin/../lib/gcc/arm-none-eabi/13.3.1/thumb/v7e-m+fp/hard\libc_nano.a(libc_a-readr.o)
                              C:/heixang.huang/RM_IDE/arm-gnu-toolchain-13.3.rel1-mingw-w64-i686-arm-none-eabi/bin/../lib/gcc/arm-none-eabi/13.3.1/thumb/v7e-m+fp/hard\libc_nano.a(libc_a-stdio.o) (_read_r)
C:/heixang.huang/RM_IDE/arm-gnu-toolchain-13.3.rel1-mingw-w64-i686-arm-none-eabi/bin/../lib/gcc/arm-none-eabi/13.3.1/thumb/v7e-m+fp/hard\libc_nano.a(libc_a-writer.o)
                              C:/heixang.huang/RM_IDE/arm-gnu-toolchain-13.3.rel1-mingw-w64-i686-arm-none-eabi/bin/../lib/gcc/arm-none-eabi/13.3.1/thumb/v7e-m+fp/hard\libc_nano.a(libc_a-stdio.o) (_write_r)
C:/heixang.huang/RM_IDE/arm-gnu-toolchain-13.3.rel1-mingw-w64-i686-arm-none-eabi/bin/../lib/gcc/arm-none-eabi/13.3.1/thumb/v7e-m+fp/hard\libc_nano.a(libc_a-init.o)
                              C:/heixang.huang/RM_IDE/arm-gnu-toolchain-13.3.rel1-mingw-w64-i686-arm-none-eabi/bin/../lib/gcc/arm-none-eabi/13.3.1/thumb/v7e-m+fp/hard/crt0.o (__libc_init_array)
C:/heixang.huang/RM_IDE/arm-gnu-toolchain-13.3.rel1-mingw-w64-i686-arm-none-eabi/bin/../lib/gcc/arm-none-eabi/13.3.1/thumb/v7e-m+fp/hard\libc_nano.a(libc_a-lock.o)
                              C:/heixang.huang/RM_IDE/arm-gnu-toolchain-13.3.rel1-mingw-w64-i686-arm-none-eabi/bin/../lib/gcc/arm-none-eabi/13.3.1/thumb/v7e-m+fp/hard\libc_nano.a(libc_a-findfp.o) (__retarget_lock_init_recursive)
[...]
Memory Configuration

Name             Origin             Length             Attributes
RAM              0x20000000         0x00010000         xrw
FLASH            0x08000000         0x00020000         xr
*default*        0x00000000         0xffffffff

Linker script and memory map

LOAD C:/heixang.huang/RM_IDE/arm-gnu-toolchain-13.3.rel1-mingw-w64-i686-arm-none-eabi/bin/../lib/gcc/arm-none-eabi/13.3.1/thumb/v7e-m+fp/hard/crti.o
LOAD C:/heixang.huang/RM_IDE/arm-gnu-toolchain-13.3.rel1-mingw-w64-i686-arm-none-eabi/bin/../lib/gcc/arm-none-eabi/13.3.1/thumb/v7e-m+fp/hard/crtbegin.o
LOAD C:/heixang.huang/RM_IDE/arm-gnu-toolchain-13.3.rel1-mingw-w64-i686-arm-none-eabi/bin/../lib/gcc/arm-none-eabi/13.3.1/thumb/v7e-m+fp/hard/crt0.o
START GROUP
LOAD C:/heixang.huang/RM_IDE/arm-gnu-toolchain-13.3.rel1-mingw-w64-i686-arm-none-eabi/bin/../lib/gcc/arm-none-eabi/13.3.1/thumb/v7e-m+fp/hard\libc_nano.a
LOAD C:/heixang.huang/RM_IDE/arm-gnu-toolchain-13.3.rel1-mingw-w64-i686-arm-none-eabi/bin/../lib/gcc/arm-none-eabi/13.3.1/thumb/v7e-m+fp/hard\libm.a
END GROUP
LOAD CMakeFiles/test_dm_f4.dir/Core/Src/gpio.c.obj
LOAD CMakeFiles/test_dm_f4.dir/Core/Src/main.c.obj
LOAD CMakeFiles/test_dm_f4.dir/Core/Src/stm32f4xx_hal_msp.c.obj
LOAD CMakeFiles/test_dm_f4.dir/Core/Src/stm32f4xx_it.c.obj
LOAD CMakeFiles/test_dm_f4.dir/Core/Src/syscalls.c.obj
LOAD CMakeFiles/test_dm_f4.dir/Core/Src/sysmem.c.obj
LOAD CMakeFiles/test_dm_f4.dir/Core/Src/system_stm32f4xx.c.obj
LOAD CMakeFiles/test_dm_f4.dir/startup_stm32f401xc.s.obj
LOAD libdrivers.a
START GROUP
LOAD C:/heixang.huang/RM_IDE/arm-gnu-toolchain-13.3.rel1-mingw-w64-i686-arm-none-eabi/bin/../lib/gcc/arm-none-eabi/13.3.1/thumb/v7e-m+fp/hard\libgcc.a
LOAD C:/heixang.huang/RM_IDE/arm-gnu-toolchain-13.3.rel1-mingw-w64-i686-arm-none-eabi/bin/../lib/gcc/arm-none-eabi/13.3.1/thumb/v7e-m+fp/hard\libg_nano.a
LOAD C:/heixang.huang/RM_IDE/arm-gnu-toolchain-13.3.rel1-mingw-w64-i686-arm-none-eabi/bin/../lib/gcc/arm-none-eabi/13.3.1/thumb/v7e-m+fp/hard\libc_nano.a
END GROUP
START GROUP
LOAD C:/heixang.huang/RM_IDE/arm-gnu-toolchain-13.3.rel1-mingw-w64-i686-arm-none-eabi/bin/../lib/gcc/arm-none-eabi/13.3.1/thumb/v7e-m+fp/hard\libgcc.a
LOAD C:/heixang.huang/RM_IDE/arm-gnu-toolchain-13.3.rel1-mingw-w64-i686-arm-none-eabi/bin/../lib/gcc/arm-none-eabi/13.3.1/thumb/v7e-m+fp/hard\libc_nano.a
END GROUP
LOAD C:/heixang.huang/RM_IDE/arm-gnu-toolchain-13.3.rel1-mingw-w64-i686-arm-none-eabi/bin/../lib/gcc/arm-none-eabi/13.3.1/thumb/v7e-m+fp/hard/crtend.o
LOAD C:/heixang.huang/RM_IDE/arm-gnu-toolchain-13.3.rel1-mingw-w64-i686-arm-none-eabi/bin/../lib/gcc/arm-none-eabi/13.3.1/thumb/v7e-m+fp/hard/crtn.o
                0x20010000                        _estack = (ORIGIN (RAM) + LENGTH (RAM))
                0x00000200                        _Min_Heap_Size = 0x200
                0x00000400                        _Min_Stack_Size = 0x400

.isr_vector     0x08000000      0x194
                0x08000000                        . = ALIGN (0x4)
 *(.isr_vector)
 .isr_vector    0x08000000      0x194 CMakeFiles/test_dm_f4.dir/startup_stm32f401xc.s.obj
                0x08000000                g_pfnVectors
                0x08000194                        . = ALIGN (0x4)

.text           0x08000194     0x1ab4
                0x08000194                        . = ALIGN (0x4)
 *(.text)
 .text          0x08000194       0x30 C:/heixang.huang/RM_IDE/arm-gnu-toolchain-13.3.rel1-mingw-w64-i686-arm-none-eabi/bin/../lib/gcc/arm-none-eabi/13.3.1/thumb/v7e-m+fp/hard\libgcc.a(_aeabi_uldivmod.o)
                0x08000194                __aeabi_uldivmod
 .text          0x080001c4        0x4 C:/heixang.huang/RM_IDE/arm-gnu-toolchain-13.3.rel1-mingw-w64-i686-arm-none-eabi/bin/../lib/gcc/arm-none-eabi/13.3.1/thumb/v7e-m+fp/hard\libgcc.a(_dvmd_tls.o)
                0x080001c4                __aeabi_idiv0
                0x080001c4                __aeabi_ldiv0
 *(.text*)
 .text.deregister_tm_clones
                0x080001c8       0x1c C:/heixang.huang/RM_IDE/arm-gnu-toolchain-13.3.rel1-mingw-w64-i686-arm-none-eabi/bin/../lib/gcc/arm-none-eabi/13.3.1/thumb/v7e-m+fp/hard/crtbegin.o
 .text.register_tm_clones
                0x080001e4       0x24 C:/heixang.huang/RM_IDE/arm-gnu-toolchain-13.3.rel1-mingw-w64-i686-arm-none-eabi/bin/../lib/gcc/arm-none-eabi/13.3.1/thumb/v7e-m+fp/hard/crtbegin.o
 .text.__do_global_dtors_aux
                0x08000208       0x28 C:/heixang.huang/RM_IDE/arm-gnu-toolchain-13.3.rel1-mingw-w64-i686-arm-none-eabi/bin/../lib/gcc/arm-none-eabi/13.3.1/thumb/v7e-m+fp/hard/crtbegin.o
 .text.frame_dummy
                0x08000230       0x24 C:/heixang.huang/RM_IDE/arm-gnu-toolchain-13.3.rel1-mingw-w64-i686-arm-none-eabi/bin/../lib/gcc/arm-none-eabi/13.3.1/thumb/v7e-m+fp/hard/crtbegin.o
 .text.memset   0x08000254       0x10 C:/heixang.huang/RM_IDE/arm-gnu-toolchain-13.3.rel1-mingw-w64-i686-arm-none-eabi/bin/../lib/gcc/arm-none-eabi/13.3.1/thumb/v7e-m+fp/hard\libc_nano.a(libc_a-memset.o)
                0x08000254                memset
 .text.__libc_init_array
                0x08000264       0x48 C:/heixang.huang/RM_IDE/arm-gnu-toolchain-13.3.rel1-mingw-w64-i686-arm-none-eabi/bin/../lib/gcc/arm-none-eabi/13.3.1/thumb/v7e-m+fp/hard\libc_nano.a(libc_a-init.o)
                0x08000264                __libc_init_array
 .text.MX_GPIO_Init
                0x080002ac      0x134 CMakeFiles/test_dm_f4.dir/Core/Src/gpio.c.obj
                0x080002ac                MX_GPIO_Init
 .text.main     0x080003e0       0x14 CMakeFiles/test_dm_f4.dir/Core/Src/main.c.obj
                0x080003e0                main
 .text.SystemClock_Config
                0x080003f4       0xc0 CMakeFiles/test_dm_f4.dir/Core/Src/main.c.obj
                0x080003f4                SystemClock_Config
 .text.Error_Handler
                0x080004b4        0xc CMakeFiles/test_dm_f4.dir/Core/Src/main.c.obj
                0x080004b4                Error_Handler
 .text.assert_failed
                0x080004c0       0x16 CMakeFiles/test_dm_f4.dir/Core/Src/main.c.obj
                0x080004c0                assert_failed
 *fill*         0x080004d6        0x2 
 .text.HAL_MspInit
                0x080004d8       0x50 CMakeFiles/test_dm_f4.dir/Core/Src/stm32f4xx_hal_msp.c.obj
                0x080004d8                HAL_MspInit
 .text.NMI_Handler
                0x08000528        0x8 CMakeFiles/test_dm_f4.dir/Core/Src/stm32f4xx_it.c.obj
                0x08000528                NMI_Handler
 .text.HardFault_Handler
                0x08000530        0x8 CMakeFiles/test_dm_f4.dir/Core/Src/stm32f4xx_it.c.obj
                0x08000530                HardFault_Handler
 .text.MemManage_Handler
                0x08000538        0x8 CMakeFiles/test_dm_f4.dir/Core/Src/stm32f4xx_it.c.obj
                0x08000538                MemManage_Handler
 .text.BusFault_Handler
                0x08000540        0x8 CMakeFiles/test_dm_f4.dir/Core/Src/stm32f4xx_it.c.obj
                0x08000540                BusFault_Handler
 .text.UsageFault_Handler
                0x08000548        0x8 CMakeFiles/test_dm_f4.dir/Core/Src/stm32f4xx_it.c.obj
                0x08000548                UsageFault_Handler
 .text.SVC_Handler
                0x08000550        0xe CMakeFiles/test_dm_f4.dir/Core/Src/stm32f4xx_it.c.obj
                0x08000550                SVC_Handler
 .text.DebugMon_Handler
                0x0800055e        0xe CMakeFiles/test_dm_f4.dir/Core/Src/stm32f4xx_it.c.obj
                0x0800055e                DebugMon_Handler
 .text.PendSV_Handler
                0x0800056c        0xe CMakeFiles/test_dm_f4.dir/Core/Src/stm32f4xx_it.c.obj
                0x0800056c                PendSV_Handler
 .text.SysTick_Handler
                0x0800057a        0xc CMakeFiles/test_dm_f4.dir/Core/Src/stm32f4xx_it.c.obj
                0x0800057a                SysTick_Handler
 *fill*         0x08000586        0x2 
 .text.SystemInit
                0x08000588       0x24 CMakeFiles/test_dm_f4.dir/Core/Src/system_stm32f4xx.c.obj
                0x08000588                SystemInit
 .text.Reset_Handler
                0x080005ac       0x50 CMakeFiles/test_dm_f4.dir/startup_stm32f401xc.s.obj
                0x080005ac                Reset_Handler
 .text.Default_Handler
                0x080005fc        0x2 CMakeFiles/test_dm_f4.dir/startup_stm32f401xc.s.obj
                0x080005fc                RTC_Alarm_IRQHandler
                0x080005fc                EXTI2_IRQHandler
                0x080005fc                SPI4_IRQHandler
                0x080005fc                TIM1_CC_IRQHandler
                0x080005fc                DMA2_Stream5_IRQHandler
                0x080005fc                DMA1_Stream5_IRQHandler
                0x080005fc                PVD_IRQHandler
                0x080005fc                SDIO_IRQHandler
                0x080005fc                TAMP_STAMP_IRQHandler
                0x080005fc                EXTI3_IRQHandler
                0x080005fc                TIM1_UP_TIM10_IRQHandler
                0x080005fc                I2C3_ER_IRQHandler
                0x080005fc                EXTI0_IRQHandler
                0x080005fc                I2C2_EV_IRQHandler
                0x080005fc                DMA1_Stream2_IRQHandler
                0x080005fc                FPU_IRQHandler
                0x080005fc                DMA2_Stream2_IRQHandler
                0x080005fc                SPI1_IRQHandler
                0x080005fc                TIM1_BRK_TIM9_IRQHandler
                0x080005fc                DMA2_Stream3_IRQHandler
                0x080005fc                USART6_IRQHandler
                0x080005fc                DMA2_Stream0_IRQHandler
                0x080005fc                TIM4_IRQHandler
                0x080005fc                I2C1_EV_IRQHandler
                0x080005fc                DMA1_Stream6_IRQHandler
                0x080005fc                DMA1_Stream1_IRQHandler
                0x080005fc                TIM3_IRQHandler
                0x080005fc                RCC_IRQHandler
                0x080005fc                Default_Handler
                0x080005fc                EXTI15_10_IRQHandler
                0x080005fc                ADC_IRQHandler
                0x080005fc                DMA1_Stream7_IRQHandler
                0x080005fc                TIM5_IRQHandler
                0x080005fc                DMA2_Stream7_IRQHandler
                0x080005fc                I2C3_EV_IRQHandler
                0x080005fc                EXTI9_5_IRQHandler
                0x080005fc                RTC_WKUP_IRQHandler
                0x080005fc                SPI2_IRQHandler
                0x080005fc                DMA1_Stream0_IRQHandler
                0x080005fc                EXTI4_IRQHandler
                0x080005fc                WWDG_IRQHandler
                0x080005fc                TIM2_IRQHandler
                0x080005fc                OTG_FS_WKUP_IRQHandler
                0x080005fc                TIM1_TRG_COM_TIM11_IRQHandler
                0x080005fc                EXTI1_IRQHandler
                0x080005fc                USART2_IRQHandler
                0x080005fc                I2C2_ER_IRQHandler
                0x080005fc                DMA2_Stream1_IRQHandler
                0x080005fc                FLASH_IRQHandler
                0x080005fc                DMA2_Stream4_IRQHandler
                0x080005fc                USART1_IRQHandler
                0x080005fc                OTG_FS_IRQHandler
                0x080005fc                SPI3_IRQHandler
                0x080005fc                DMA1_Stream4_IRQHandler
                0x080005fc                I2C1_ER_IRQHandler
                0x080005fc                DMA2_Stream6_IRQHandler
                0x080005fc                DMA1_Stream3_IRQHandler
 *fill*         0x080005fe        0x2 
 .text.HAL_Init
                0x08000600       0x44 libdrivers.a(stm32f4xx_hal.c.obj)
                0x08000600                HAL_Init
 .text.HAL_InitTick
                0x08000644       0x60 libdrivers.a(stm32f4xx_hal.c.obj)
                0x08000644                HAL_InitTick
 .text.HAL_IncTick
                0x080006a4       0x28 libdrivers.a(stm32f4xx_hal.c.obj)
                0x080006a4                HAL_IncTick
 .text.HAL_GetTick
                0x080006cc       0x18 libdrivers.a(stm32f4xx_hal.c.obj)
                0x080006cc                HAL_GetTick
 .text.__NVIC_SetPriorityGrouping
                0x080006e4       0x48 libdrivers.a(stm32f4xx_hal_cortex.c.obj)
 .text.__NVIC_GetPriorityGrouping
                0x0800072c       0x1c libdrivers.a(stm32f4xx_hal_cortex.c.obj)
 .text.__NVIC_SetPriority
                0x08000748       0x54 libdrivers.a(stm32f4xx_hal_cortex.c.obj)
 .text.NVIC_EncodePriority
                0x0800079c       0x66 libdrivers.a(stm32f4xx_hal_cortex.c.obj)
 *fill*         0x08000802        0x2 
 .text.SysTick_Config
                0x08000804       0x44 libdrivers.a(stm32f4xx_hal_cortex.c.obj)
 .text.HAL_NVIC_SetPriorityGrouping
                0x08000848       0x40 libdrivers.a(stm32f4xx_hal_cortex.c.obj)
                0x08000848                HAL_NVIC_SetPriorityGrouping
 .text.HAL_NVIC_SetPriority
                0x08000888       0x58 libdrivers.a(stm32f4xx_hal_cortex.c.obj)
                0x08000888                HAL_NVIC_SetPriority
 .text.HAL_SYSTICK_Config
                0x080008e0       0x18 libdrivers.a(stm32f4xx_hal_cortex.c.obj)
                0x080008e0                HAL_SYSTICK_Config
 .text.HAL_GPIO_Init
                0x080008f8      0x524 libdrivers.a(stm32f4xx_hal_gpio.c.obj)
                0x080008f8                HAL_GPIO_Init
 .text.HAL_GPIO_WritePin
                0x08000e1c       0x58 libdrivers.a(stm32f4xx_hal_gpio.c.obj)
                0x08000e1c                HAL_GPIO_WritePin
 .text.HAL_RCC_OscConfig
                0x08000e74      0x658 libdrivers.a(stm32f4xx_hal_rcc.c.obj)
                0x08000e74                HAL_RCC_OscConfig
 .text.HAL_RCC_ClockConfig
                0x080014cc      0x31c libdrivers.a(stm32f4xx_hal_rcc.c.obj)
                0x080014cc                HAL_RCC_ClockConfig
 .text.HAL_RCC_GetSysClockFreq
                0x080017e8      0x18c libdrivers.a(stm32f4xx_hal_rcc.c.obj)
                0x080017e8                HAL_RCC_GetSysClockFreq
 .text.__udivmoddi4
                0x08001974      0x2bc C:/heixang.huang/RM_IDE/arm-gnu-toolchain-13.3.rel1-mingw-w64-i686-arm-none-eabi/bin/../lib/gcc/arm-none-eabi/13.3.1/thumb/v7e-m+fp/hard\libgcc.a(_udivmoddi4.o)
                0x08001974                __udivmoddi4
 *(.glue_7)
 .glue_7        0x08001c30        0x0 linker stubs
 *(.glue_7t)
 .glue_7t       0x08001c30        0x0 linker stubs
 *(.eh_frame)
 .eh_frame      0x08001c30        0x0 C:/heixang.huang/RM_IDE/arm-gnu-toolchain-13.3.rel1-mingw-w64-i686-arm-none-eabi/bin/../lib/gcc/arm-none-eabi/13.3.1/thumb/v7e-m+fp/hard/crtbegin.o
 *(.init)
 .init          0x08001c30        0x4 C:/heixang.huang/RM_IDE/arm-gnu-toolchain-13.3.rel1-mingw-w64-i686-arm-none-eabi/bin/../lib/gcc/arm-none-eabi/13.3.1/thumb/v7e-m+fp/hard/crti.o
                0x08001c30                _init
 .init          0x08001c34        0x8 C:/heixang.huang/RM_IDE/arm-gnu-toolchain-13.3.rel1-mingw-w64-i686-arm-none-eabi/bin/../lib/gcc/arm-none-eabi/13.3.1/thumb/v7e-m+fp/hard/crtn.o
 *(.fini)
 .fini          0x08001c3c        0x4 C:/heixang.huang/RM_IDE/arm-gnu-toolchain-13.3.rel1-mingw-w64-i686-arm-none-eabi/bin/../lib/gcc/arm-none-eabi/13.3.1/thumb/v7e-m+fp/hard/crti.o
                0x08001c3c                _fini
 .fini          0x08001c40        0x8 C:/heixang.huang/RM_IDE/arm-gnu-toolchain-13.3.rel1-mingw-w64-i686-arm-none-eabi/bin/../lib/gcc/arm-none-eabi/13.3.1/thumb/v7e-m+fp/hard/crtn.o
                0x08001c48                        . = ALIGN (0x4)
                0x08001c48                        _etext = .

.vfp11_veneer   0x08001c48        0x0
 .vfp11_veneer  0x08001c48        0x0 linker stubs

.v4_bx          0x08001c48        0x0
 .v4_bx         0x08001c48        0x0 linker stubs

.iplt           0x08001c48        0x0
 .iplt          0x08001c48        0x0 C:/heixang.huang/RM_IDE/arm-gnu-toolchain-13.3.rel1-mingw-w64-i686-arm-none-eabi/bin/../lib/gcc/arm-none-eabi/13.3.1/thumb/v7e-m+fp/hard/crtbegin.o

.rodata         0x08001c48      0x114
                0x08001c48                        . = ALIGN (0x4)
 *(.rodata)
 .rodata        0x08001c48       0x57 libdrivers.a(stm32f4xx_hal_cortex.c.obj)
 *fill*         0x08001c9f        0x1 
 .rodata        0x08001ca0       0x55 libdrivers.a(stm32f4xx_hal_gpio.c.obj)
 *fill*         0x08001cf5        0x3 
 .rodata        0x08001cf8       0x54 libdrivers.a(stm32f4xx_hal_rcc.c.obj)
 *(.rodata*)
 .rodata.AHBPrescTable
                0x08001d4c       0x10 CMakeFiles/test_dm_f4.dir/Core/Src/system_stm32f4xx.c.obj
                0x08001d4c                AHBPrescTable
                0x08001d5c                        . = ALIGN (0x4)

.ARM.extab
 *(.ARM.extab* .gnu.linkonce.armextab.*)

.ARM            0x08001d5c        0x8
                0x08001d5c                        __exidx_start = .
 *(.ARM.exidx*)
 .ARM.exidx.text.__udivmoddi4
                0x08001d5c        0x8 C:/heixang.huang/RM_IDE/arm-gnu-toolchain-13.3.rel1-mingw-w64-i686-arm-none-eabi/bin/../lib/gcc/arm-none-eabi/13.3.1/thumb/v7e-m+fp/hard\libgcc.a(_udivmoddi4.o)
                0x08001d64                        __exidx_end = .

.rel.dyn        0x08001d64        0x0
 .rel.iplt      0x08001d64        0x0 C:/heixang.huang/RM_IDE/arm-gnu-toolchain-13.3.rel1-mingw-w64-i686-arm-none-eabi/bin/../lib/gcc/arm-none-eabi/13.3.1/thumb/v7e-m+fp/hard/crtbegin.o

.preinit_array  0x08001d64        0x0
                0x08001d64                        PROVIDE (__preinit_array_start = .)
 *(.preinit_array*)
                0x08001d64                        PROVIDE (__preinit_array_end = .)

.init_array     0x08001d64        0x4
                0x08001d64                        PROVIDE (__init_array_start = .)
 *(SORT_BY_NAME(.init_array.*))
 *(.init_array*)
 .init_array    0x08001d64        0x4 C:/heixang.huang/RM_IDE/arm-gnu-toolchain-13.3.rel1-mingw-w64-i686-arm-none-eabi/bin/../lib/gcc/arm-none-eabi/13.3.1/thumb/v7e-m+fp/hard/crtbegin.o
                0x08001d68                        PROVIDE (__init_array_end = .)

.fini_array     0x08001d68        0x4
                [!provide]                        PROVIDE (__fini_array_start = .)
 *(SORT_BY_NAME(.fini_array.*))
 *(.fini_array*)
 .fini_array    0x08001d68        0x4 C:/heixang.huang/RM_IDE/arm-gnu-toolchain-13.3.rel1-mingw-w64-i686-arm-none-eabi/bin/../lib/gcc/arm-none-eabi/13.3.1/thumb/v7e-m+fp/hard/crtbegin.o
                [!provide]                        PROVIDE (__fini_array_end = .)
                0x08001d6c                        _sidata = LOADADDR (.data)

.data           0x20000000        0xc load address 0x08001d6c
                0x20000000                        . = ALIGN (0x4)
                0x20000000                        _sdata = .
 *(.data)
 *(.data*)
 .data.SystemCoreClock
                0x20000000        0x4 CMakeFiles/test_dm_f4.dir/Core/Src/system_stm32f4xx.c.obj
                0x20000000                SystemCoreClock
 .data.uwTickPrio
                0x20000004        0x4 libdrivers.a(stm32f4xx_hal.c.obj)
                0x20000004                uwTickPrio
 .data.uwTickFreq
                0x20000008        0x1 libdrivers.a(stm32f4xx_hal.c.obj)
                0x20000008                uwTickFreq
                0x2000000c                        . = ALIGN (0x4)
 *fill*         0x20000009        0x3 
                0x2000000c                        _edata = .

.tm_clone_table
                0x2000000c        0x0 load address 0x08001d78
 .tm_clone_table
                0x2000000c        0x0 C:/heixang.huang/RM_IDE/arm-gnu-toolchain-13.3.rel1-mingw-w64-i686-arm-none-eabi/bin/../lib/gcc/arm-none-eabi/13.3.1/thumb/v7e-m+fp/hard/crtbegin.o
 .tm_clone_table
                0x2000000c        0x0 C:/heixang.huang/RM_IDE/arm-gnu-toolchain-13.3.rel1-mingw-w64-i686-arm-none-eabi/bin/../lib/gcc/arm-none-eabi/13.3.1/thumb/v7e-m+fp/hard/crtend.o

.igot.plt       0x2000000c        0x0 load address 0x08001d78
 .igot.plt      0x2000000c        0x0 C:/heixang.huang/RM_IDE/arm-gnu-toolchain-13.3.rel1-mingw-w64-i686-arm-none-eabi/bin/../lib/gcc/arm-none-eabi/13.3.1/thumb/v7e-m+fp/hard/crtbegin.o
                0x2000000c                        . = ALIGN (0x4)

.bss            0x2000000c       0x20 load address 0x08001d78
                0x2000000c                        _sbss = .
                0x2000000c                        __bss_start__ = _sbss
 *(.bss)
 *(.bss*)
 .bss.completed.1
                0x2000000c        0x1 C:/heixang.huang/RM_IDE/arm-gnu-toolchain-13.3.rel1-mingw-w64-i686-arm-none-eabi/bin/../lib/gcc/arm-none-eabi/13.3.1/thumb/v7e-m+fp/hard/crtbegin.o
 *fill*         0x2000000d        0x3 
 .bss.object.0  0x20000010       0x18 C:/heixang.huang/RM_IDE/arm-gnu-toolchain-13.3.rel1-mingw-w64-i686-arm-none-eabi/bin/../lib/gcc/arm-none-eabi/13.3.1/thumb/v7e-m+fp/hard/crtbegin.o
 .bss.uwTick    0x20000028        0x4 libdrivers.a(stm32f4xx_hal.c.obj)
                0x20000028                uwTick
 *(COMMON)
                0x2000002c                        . = ALIGN (0x4)
                0x2000002c                        _ebss = .
                0x2000002c                        __bss_end__ = _ebss

._user_heap_stack
                0x2000002c      0x604 load address 0x08001d78
                0x20000030                        . = ALIGN (0x8)
 *fill*         0x2000002c        0x4 
                [!provide]                        PROVIDE (end = .)
                0x20000030                        PROVIDE (_end = .)
                0x20000230                        . = (. + _Min_Heap_Size)
 *fill*         0x20000030      0x200 
                0x20000630                        . = (. + _Min_Stack_Size)
 *fill*         0x20000230      0x400 
                0x20000630                        . = ALIGN (0x8)

/DISCARD/
 libc.a(*)
 libm.a(*)
 libgcc.a(*)

.ARM.attributes
                0x00000000       0x30
 *(.ARM.attributes)
 .ARM.attributes
                0x00000000       0x22 C:/heixang.huang/RM_IDE/arm-gnu-toolchain-13.3.rel1-mingw-w64-i686-arm-none-eabi/bin/../lib/gcc/arm-none-eabi/13.3.1/thumb/v7e-m+fp/hard/crti.o
 .ARM.attributes
                0x00000022       0x34 C:/heixang.huang/RM_IDE/arm-gnu-toolchain-13.3.rel1-mingw-w64-i686-arm-none-eabi/bin/../lib/gcc/arm-none-eabi/13.3.1/thumb/v7e-m+fp/hard/crtbegin.o
 .ARM.attributes
                0x00000056       0x34 C:/heixang.huang/RM_IDE/arm-gnu-toolchain-13.3.rel1-mingw-w64-i686-arm-none-eabi/bin/../lib/gcc/arm-none-eabi/13.3.1/thumb/v7e-m+fp/hard\libc_nano.a(libc_a-memset.o)
 .ARM.attributes
                0x0000008a       0x34 C:/heixang.huang/RM_IDE/arm-gnu-toolchain-13.3.rel1-mingw-w64-i686-arm-none-eabi/bin/../lib/gcc/arm-none-eabi/13.3.1/thumb/v7e-m+fp/hard\libc_nano.a(libc_a-init.o)
 .ARM.attributes
                0x000000be       0x34 CMakeFiles/test_dm_f4.dir/Core/Src/gpio.c.obj
 .ARM.attributes
                0x000000f2       0x34 CMakeFiles/test_dm_f4.dir/Core/Src/main.c.obj
 .ARM.attributes
                0x00000126       0x34 CMakeFiles/test_dm_f4.dir/Core/Src/stm32f4xx_hal_msp.c.obj
 .ARM.attributes
                0x0000015a       0x34 CMakeFiles/test_dm_f4.dir/Core/Src/stm32f4xx_it.c.obj
 .ARM.attributes
                0x0000018e       0x34 CMakeFiles/test_dm_f4.dir/Core/Src/system_stm32f4xx.c.obj
 .ARM.attributes
                0x000001c2       0x21 CMakeFiles/test_dm_f4.dir/startup_stm32f401xc.s.obj
 .ARM.attributes
                0x000001e3       0x34 libdrivers.a(stm32f4xx_hal.c.obj)
 .ARM.attributes
                0x00000217       0x34 libdrivers.a(stm32f4xx_hal_cortex.c.obj)
 .ARM.attributes
                0x0000024b       0x34 libdrivers.a(stm32f4xx_hal_gpio.c.obj)
 .ARM.attributes
                0x0000027f       0x34 libdrivers.a(stm32f4xx_hal_rcc.c.obj)
 .ARM.attributes
                0x000002b3       0x22 C:/heixang.huang/RM_IDE/arm-gnu-toolchain-13.3.rel1-mingw-w64-i686-arm-none-eabi/bin/../lib/gcc/arm-none-eabi/13.3.1/thumb/v7e-m+fp/hard\libgcc.a(_aeabi_uldivmod.o)
 .ARM.attributes
                0x000002d5       0x34 C:/heixang.huang/RM_IDE/arm-gnu-toolchain-13.3.rel1-mingw-w64-i686-arm-none-eabi/bin/../lib/gcc/arm-none-eabi/13.3.1/thumb/v7e-m+fp/hard\libgcc.a(_udivmoddi4.o)
 .ARM.attributes
                0x00000309       0x22 C:/heixang.huang/RM_IDE/arm-gnu-toolchain-13.3.rel1-mingw-w64-i686-arm-none-eabi/bin/../lib/gcc/arm-none-eabi/13.3.1/thumb/v7e-m+fp/hard\libgcc.a(_dvmd_tls.o)
 .ARM.attributes
                0x0000032b       0x34 C:/heixang.huang/RM_IDE/arm-gnu-toolchain-13.3.rel1-mingw-w64-i686-arm-none-eabi/bin/../lib/gcc/arm-none-eabi/13.3.1/thumb/v7e-m+fp/hard/crtend.o
 .ARM.attributes
                0x0000035f       0x22 C:/heixang.huang/RM_IDE/arm-gnu-toolchain-13.3.rel1-mingw-w64-i686-arm-none-eabi/bin/../lib/gcc/arm-none-eabi/13.3.1/thumb/v7e-m+fp/hard/crtn.o
OUTPUT(C:\heixang.huang\RM_IDE\RM_Try\build\test_dm_f4.elf elf32-littlearm)
LOAD linker stubs
LOAD C:/heixang.huang/RM_IDE/arm-gnu-toolchain-13.3.rel1-mingw-w64-i686-arm-none-eabi/bin/../lib/gcc/arm-none-eabi/13.3.1/thumb/v7e-m+fp/hard\libc.a
LOAD C:/heixang.huang/RM_IDE/arm-gnu-toolchain-13.3.rel1-mingw-w64-i686-arm-none-eabi/bin/../lib/gcc/arm-none-eabi/13.3.1/thumb/v7e-m+fp/hard\libm.a
LOAD C:/heixang.huang/RM_IDE/arm-gnu-toolchain-13.3.rel1-mingw-w64-i686-arm-none-eabi/bin/../lib/gcc/arm-none-eabi/13.3.1/thumb/v7e-m+fp/hard\libgcc.a

.debug_frame    0x00000000      0xea4
 .debug_frame   0x00000000       0x20 C:/heixang.huang/RM_IDE/arm-gnu-toolchain-13.3.rel1-mingw-w64-i686-arm-none-eabi/bin/../lib/gcc/arm-none-eabi/13.3.1/thumb/v7e-m+fp/hard\libc_nano.a(libc_a-memset.o)
 .debug_frame   0x00000020       0x2c C:/heixang.huang/RM_IDE/arm-gnu-toolchain-13.3.rel1-mingw-w64-i686-arm-none-eabi/bin/../lib/gcc/arm-none-eabi/13.3.1/thumb/v7e-m+fp/hard\libc_nano.a(libc_a-init.o)
 .debug_frame   0x0000004c       0x34 CMakeFiles/test_dm_f4.dir/Core/Src/gpio.c.obj
 .debug_frame   0x00000080       0x90 CMakeFiles/test_dm_f4.dir/Core/Src/main.c.obj
 .debug_frame   0x00000110       0x38 CMakeFiles/test_dm_f4.dir/Core/Src/stm32f4xx_hal_msp.c.obj
 .debug_frame   0x00000148      0x104 CMakeFiles/test_dm_f4.dir/Core/Src/stm32f4xx_it.c.obj
 .debug_frame   0x0000024c       0x58 CMakeFiles/test_dm_f4.dir/Core/Src/system_stm32f4xx.c.obj
 .debug_frame   0x000002a4      0x374 libdrivers.a(stm32f4xx_hal.c.obj)
 .debug_frame   0x00000618      0x4fc libdrivers.a(stm32f4xx_hal_cortex.c.obj)
 .debug_frame   0x00000b14      0x138 libdrivers.a(stm32f4xx_hal_gpio.c.obj)
 .debug_frame   0x00000c4c      0x1f8 libdrivers.a(stm32f4xx_hal_rcc.c.obj)
 .debug_frame   0x00000e44       0x2c C:/heixang.huang/RM_IDE/arm-gnu-toolchain-13.3.rel1-mingw-w64-i686-arm-none-eabi/bin/../lib/gcc/arm-none-eabi/13.3.1/thumb/v7e-m+fp/hard\libgcc.a(_aeabi_uldivmod.o)
 .debug_frame   0x00000e70       0x34 C:/heixang.huang/RM_IDE/arm-gnu-toolchain-13.3.rel1-mingw-w64-i686-arm-none-eabi/bin/../lib/gcc/arm-none-eabi/13.3.1/thumb/v7e-m+fp/hard\libgcc.a(_udivmoddi4.o)

.debug_info     0x00000000     0x388c
 .debug_info    0x00000000      0x433 CMakeFiles/test_dm_f4.dir/Core/Src/gpio.c.obj
 .debug_info    0x00000433      0x508 CMakeFiles/test_dm_f4.dir/Core/Src/main.c.obj
 .debug_info    0x0000093b      0x291 CMakeFiles/test_dm_f4.dir/Core/Src/stm32f4xx_hal_msp.c.obj
 .debug_info    0x00000bcc      0x112 CMakeFiles/test_dm_f4.dir/Core/Src/stm32f4xx_it.c.obj
 .debug_info    0x00000cde      0x53e CMakeFiles/test_dm_f4.dir/Core/Src/system_stm32f4xx.c.obj
 .debug_info    0x0000121c       0x30 CMakeFiles/test_dm_f4.dir/startup_stm32f401xc.s.obj
 .debug_info    0x0000124c      0x8f5 libdrivers.a(stm32f4xx_hal.c.obj)
 .debug_info    0x00001b41      0xd2b libdrivers.a(stm32f4xx_hal_cortex.c.obj)
 .debug_info    0x0000286c      0x712 libdrivers.a(stm32f4xx_hal_gpio.c.obj)
 .debug_info    0x00002f7e      0x90e libdrivers.a(stm32f4xx_hal_rcc.c.obj)

.debug_abbrev   0x00000000     0x100a
 .debug_abbrev  0x00000000      0x151 CMakeFiles/test_dm_f4.dir/Core/Src/gpio.c.obj
 .debug_abbrev  0x00000151      0x1ea CMakeFiles/test_dm_f4.dir/Core/Src/main.c.obj
 .debug_abbrev  0x0000033b       0xd8 CMakeFiles/test_dm_f4.dir/Core/Src/stm32f4xx_hal_msp.c.obj
 .debug_abbrev  0x00000413       0x73 CMakeFiles/test_dm_f4.dir/Core/Src/stm32f4xx_it.c.obj
 .debug_abbrev  0x00000486      0x11a CMakeFiles/test_dm_f4.dir/Core/Src/system_stm32f4xx.c.obj
 .debug_abbrev  0x000005a0       0x24 CMakeFiles/test_dm_f4.dir/startup_stm32f401xc.s.obj
 .debug_abbrev  0x000005c4      0x252 libdrivers.a(stm32f4xx_hal.c.obj)
 .debug_abbrev  0x00000816      0x339 libdrivers.a(stm32f4xx_hal_cortex.c.obj)
 .debug_abbrev  0x00000b4f      0x1f0 libdrivers.a(stm32f4xx_hal_gpio.c.obj)
 .debug_abbrev  0x00000d3f      0x2cb libdrivers.a(stm32f4xx_hal_rcc.c.obj)

.debug_aranges  0x00000000      0x428
 .debug_aranges
                0x00000000       0x20 CMakeFiles/test_dm_f4.dir/Core/Src/gpio.c.obj
 .debug_aranges
                0x00000020       0x38 CMakeFiles/test_dm_f4.dir/Core/Src/main.c.obj
 .debug_aranges
                0x00000058       0x20 CMakeFiles/test_dm_f4.dir/Core/Src/stm32f4xx_hal_msp.c.obj
 .debug_aranges
                0x00000078       0x60 CMakeFiles/test_dm_f4.dir/Core/Src/stm32f4xx_it.c.obj
 .debug_aranges
                0x000000d8       0x28 CMakeFiles/test_dm_f4.dir/Core/Src/system_stm32f4xx.c.obj
 .debug_aranges
                0x00000100       0x28 CMakeFiles/test_dm_f4.dir/startup_stm32f401xc.s.obj
 .debug_aranges
                0x00000128       0xf0 libdrivers.a(stm32f4xx_hal.c.obj)
 .debug_aranges
                0x00000218      0x130 libdrivers.a(stm32f4xx_hal_cortex.c.obj)
 .debug_aranges
                0x00000348       0x58 libdrivers.a(stm32f4xx_hal_gpio.c.obj)
 .debug_aranges
                0x000003a0       0x88 libdrivers.a(stm32f4xx_hal_rcc.c.obj)

.debug_rnglists
                0x00000000      0x2f7
 .debug_rnglists
                0x00000000       0x14 CMakeFiles/test_dm_f4.dir/Core/Src/gpio.c.obj
 .debug_rnglists
                0x00000014       0x26 CMakeFiles/test_dm_f4.dir/Core/Src/main.c.obj
 .debug_rnglists
                0x0000003a       0x13 CMakeFiles/test_dm_f4.dir/Core/Src/stm32f4xx_hal_msp.c.obj
 .debug_rnglists
                0x0000004d       0x43 CMakeFiles/test_dm_f4.dir/Core/Src/stm32f4xx_it.c.obj
 .debug_rnglists
                0x00000090       0x1a CMakeFiles/test_dm_f4.dir/Core/Src/system_stm32f4xx.c.obj
 .debug_rnglists
                0x000000aa       0x19 CMakeFiles/test_dm_f4.dir/startup_stm32f401xc.s.obj
 .debug_rnglists
                0x000000c3       0xaf libdrivers.a(stm32f4xx_hal.c.obj)
 .debug_rnglists
                0x00000172       0xe0 libdrivers.a(stm32f4xx_hal_cortex.c.obj)
 .debug_rnglists
                0x00000252       0x3f libdrivers.a(stm32f4xx_hal_gpio.c.obj)
 .debug_rnglists
                0x00000291       0x66 libdrivers.a(stm32f4xx_hal_rcc.c.obj)

.debug_macro    0x00000000    0x14404
 .debug_macro   0x00000000      0x1c4 CMakeFiles/test_dm_f4.dir/Core/Src/gpio.c.obj
 .debug_macro   0x000001c4      0xade CMakeFiles/test_dm_f4.dir/Core/Src/gpio.c.obj
 .debug_macro   0x00000ca2      0x296 CMakeFiles/test_dm_f4.dir/Core/Src/gpio.c.obj
 .debug_macro   0x00000f38       0x2e CMakeFiles/test_dm_f4.dir/Core/Src/gpio.c.obj
 .debug_macro   0x00000f66       0x28 CMakeFiles/test_dm_f4.dir/Core/Src/gpio.c.obj
 .debug_macro   0x00000f8e       0x22 CMakeFiles/test_dm_f4.dir/Core/Src/gpio.c.obj
 .debug_macro   0x00000fb0       0x8e CMakeFiles/test_dm_f4.dir/Core/Src/gpio.c.obj
 .debug_macro   0x0000103e       0x51 CMakeFiles/test_dm_f4.dir/Core/Src/gpio.c.obj
 .debug_macro   0x0000108f      0x103 CMakeFiles/test_dm_f4.dir/Core/Src/gpio.c.obj
 .debug_macro   0x00001192       0x6a CMakeFiles/test_dm_f4.dir/Core/Src/gpio.c.obj
 .debug_macro   0x000011fc      0x1df CMakeFiles/test_dm_f4.dir/Core/Src/gpio.c.obj
 .debug_macro   0x000013db       0x1c CMakeFiles/test_dm_f4.dir/Core/Src/gpio.c.obj
 .debug_macro   0x000013f7       0x22 CMakeFiles/test_dm_f4.dir/Core/Src/gpio.c.obj
 .debug_macro   0x00001419       0xfb CMakeFiles/test_dm_f4.dir/Core/Src/gpio.c.obj
 .debug_macro   0x00001514     0x1011 CMakeFiles/test_dm_f4.dir/Core/Src/gpio.c.obj
 .debug_macro   0x00002525      0x11f CMakeFiles/test_dm_f4.dir/Core/Src/gpio.c.obj
 .debug_macro   0x00002644     0xb86c CMakeFiles/test_dm_f4.dir/Core/Src/gpio.c.obj
 .debug_macro   0x0000deb0       0x6d CMakeFiles/test_dm_f4.dir/Core/Src/gpio.c.obj
 .debug_macro   0x0000df1d     0x369a CMakeFiles/test_dm_f4.dir/Core/Src/gpio.c.obj
 .debug_macro   0x000115b7      0x190 CMakeFiles/test_dm_f4.dir/Core/Src/gpio.c.obj
 .debug_macro   0x00011747       0x5c CMakeFiles/test_dm_f4.dir/Core/Src/gpio.c.obj
 .debug_macro   0x000117a3      0x416 CMakeFiles/test_dm_f4.dir/Core/Src/gpio.c.obj
 .debug_macro   0x00011bb9      0x9e9 CMakeFiles/test_dm_f4.dir/Core/Src/gpio.c.obj
 .debug_macro   0x000125a2      0x115 CMakeFiles/test_dm_f4.dir/Core/Src/gpio.c.obj
 .debug_macro   0x000126b7       0xf8 CMakeFiles/test_dm_f4.dir/Core/Src/gpio.c.obj
 .debug_macro   0x000127af       0xa5 CMakeFiles/test_dm_f4.dir/Core/Src/gpio.c.obj
 .debug_macro   0x00012854      0x15f CMakeFiles/test_dm_f4.dir/Core/Src/gpio.c.obj
 .debug_macro   0x000129b3      0x287 CMakeFiles/test_dm_f4.dir/Core/Src/gpio.c.obj
 .debug_macro   0x00012c3a       0x5f CMakeFiles/test_dm_f4.dir/Core/Src/gpio.c.obj
 .debug_macro   0x00012c99      0x236 CMakeFiles/test_dm_f4.dir/Core/Src/gpio.c.obj
 .debug_macro   0x00012ecf      0x132 CMakeFiles/test_dm_f4.dir/Core/Src/gpio.c.obj
 .debug_macro   0x00013001      0x23a CMakeFiles/test_dm_f4.dir/Core/Src/gpio.c.obj
 .debug_macro   0x0001323b       0x2e CMakeFiles/test_dm_f4.dir/Core/Src/gpio.c.obj
 .debug_macro   0x00013269      0x127 CMakeFiles/test_dm_f4.dir/Core/Src/gpio.c.obj
 .debug_macro   0x00013390       0x85 CMakeFiles/test_dm_f4.dir/Core/Src/gpio.c.obj
 .debug_macro   0x00013415       0x89 CMakeFiles/test_dm_f4.dir/Core/Src/gpio.c.obj
 .debug_macro   0x0001349e      0x126 CMakeFiles/test_dm_f4.dir/Core/Src/gpio.c.obj
 .debug_macro   0x000135c4      0x1c8 CMakeFiles/test_dm_f4.dir/Core/Src/main.c.obj
 .debug_macro   0x0001378c      0x1ba CMakeFiles/test_dm_f4.dir/Core/Src/stm32f4xx_hal_msp.c.obj
 .debug_macro   0x00013946      0x1c4 CMakeFiles/test_dm_f4.dir/Core/Src/stm32f4xx_it.c.obj
 .debug_macro   0x00013b0a      0x1b0 CMakeFiles/test_dm_f4.dir/Core/Src/system_stm32f4xx.c.obj
 .debug_macro   0x00013cba      0x210 libdrivers.a(stm32f4xx_hal.c.obj)
 .debug_macro   0x00013eca      0x1b0 libdrivers.a(stm32f4xx_hal_cortex.c.obj)
 .debug_macro   0x0001407a      0x1b6 libdrivers.a(stm32f4xx_hal_gpio.c.obj)
 .debug_macro   0x00014230      0x1d4 libdrivers.a(stm32f4xx_hal_rcc.c.obj)

.debug_line     0x00000000     0x51e1
 .debug_line    0x00000000      0x63e CMakeFiles/test_dm_f4.dir/Core/Src/gpio.c.obj
 .debug_line    0x0000063e      0x68f CMakeFiles/test_dm_f4.dir/Core/Src/main.c.obj
 .debug_line    0x00000ccd      0x607 CMakeFiles/test_dm_f4.dir/Core/Src/stm32f4xx_hal_msp.c.obj
 .debug_line    0x000012d4      0x6b5 CMakeFiles/test_dm_f4.dir/Core/Src/stm32f4xx_it.c.obj
 .debug_line    0x00001989      0x68b CMakeFiles/test_dm_f4.dir/Core/Src/system_stm32f4xx.c.obj
 .debug_line    0x00002014       0x7a CMakeFiles/test_dm_f4.dir/startup_stm32f401xc.s.obj
 .debug_line    0x0000208e      0x90c libdrivers.a(stm32f4xx_hal.c.obj)
 .debug_line    0x0000299a      0xde5 libdrivers.a(stm32f4xx_hal_cortex.c.obj)
 .debug_line    0x0000377f      0xb96 libdrivers.a(stm32f4xx_hal_gpio.c.obj)
 .debug_line    0x00004315      0xecc libdrivers.a(stm32f4xx_hal_rcc.c.obj)

.debug_str      0x00000000    0x7ea02
 .debug_str     0x00000000    0x7ea02 CMakeFiles/test_dm_f4.dir/Core/Src/gpio.c.obj
                              0x7d6d5 (size before relaxing)
 .debug_str     0x0007ea02    0x7d7e9 CMakeFiles/test_dm_f4.dir/Core/Src/main.c.obj
 .debug_str     0x0007ea02    0x7d60a CMakeFiles/test_dm_f4.dir/Core/Src/stm32f4xx_hal_msp.c.obj
 .debug_str     0x0007ea02    0x7d57e CMakeFiles/test_dm_f4.dir/Core/Src/stm32f4xx_it.c.obj
 .debug_str     0x0007ea02    0x7d6ba CMakeFiles/test_dm_f4.dir/Core/Src/system_stm32f4xx.c.obj
 .debug_str     0x0007ea02       0x7c CMakeFiles/test_dm_f4.dir/startup_stm32f401xc.s.obj
 .debug_str     0x0007ea02    0x7e0fc libdrivers.a(stm32f4xx_hal.c.obj)
 .debug_str     0x0007ea02    0x7de68 libdrivers.a(stm32f4xx_hal_cortex.c.obj)
 .debug_str     0x0007ea02    0x7d843 libdrivers.a(stm32f4xx_hal_gpio.c.obj)
 .debug_str     0x0007ea02    0x7dafc libdrivers.a(stm32f4xx_hal_rcc.c.obj)

.comment        0x00000000       0x45
 .comment       0x00000000       0x45 CMakeFiles/test_dm_f4.dir/Core/Src/gpio.c.obj
                                 0x46 (size before relaxing)
 .comment       0x00000045       0x46 CMakeFiles/test_dm_f4.dir/Core/Src/main.c.obj
 .comment       0x00000045       0x46 CMakeFiles/test_dm_f4.dir/Core/Src/stm32f4xx_hal_msp.c.obj
 .comment       0x00000045       0x46 CMakeFiles/test_dm_f4.dir/Core/Src/stm32f4xx_it.c.obj
 .comment       0x00000045       0x46 CMakeFiles/test_dm_f4.dir/Core/Src/system_stm32f4xx.c.obj
 .comment       0x00000045       0x46 libdrivers.a(stm32f4xx_hal.c.obj)
 .comment       0x00000045       0x46 libdrivers.a(stm32f4xx_hal_cortex.c.obj)
 .comment       0x00000045       0x46 libdrivers.a(stm32f4xx_hal_gpio.c.obj)
 .comment       0x00000045       0x46 libdrivers.a(stm32f4xx_hal_rcc.c.obj)

.debug_line_str
                0x00000000      0x135
 .debug_line_str
                0x00000000      0x135 CMakeFiles/test_dm_f4.dir/startup_stm32f401xc.s.obj
                                 0x60 (size before relaxing)
 .debug_line_str
                0x00000135       0xc9 C:/heixang.huang/RM_IDE/arm-gnu-toolchain-13.3.rel1-mingw-w64-i686-arm-none-eabi/bin/../lib/gcc/arm-none-eabi/13.3.1/thumb/v7e-m+fp/hard\libgcc.a(_aeabi_uldivmod.o)
 .debug_line_str
                0x00000135       0xcd C:/heixang.huang/RM_IDE/arm-gnu-toolchain-13.3.rel1-mingw-w64-i686-arm-none-eabi/bin/../lib/gcc/arm-none-eabi/13.3.1/thumb/v7e-m+fp/hard\libgcc.a(_dvmd_tls.o)
